// Jest Snapshot v1, https://goo.gl/fbAQLP

exports[`Block component Block component snapshot 1`] = `
Object {
  "asFragment": [Function],
  "baseElement": <body>
    <div>
      <div
        class="MuiBox-root css-0"
      >
        <div
          class="MuiPaper-root MuiPaper-elevation MuiPaper-rounded MuiPaper-elevation10 css-1g1fz7u-MuiPaper-root"
        >
          <h6
            class="MuiTypography-root MuiTypography-h6 MuiTypography-gutterBottom css-1u7f1pc-MuiTypography-root"
          >
            test name 1
          </h6>
          <div
            class="MuiBox-root css-j7qwjs"
          >
            <div
              class="MuiBox-root css-j7qwjs"
            >
              <div
                class="MuiBox-root css-16a3qdz"
              >
                <div
                  class="MuiFormControl-root MuiTextField-root css-156lfgm-MuiFormControl-root-MuiTextField-root"
                >
                  <label
                    class="MuiFormLabel-root MuiInputLabel-root MuiInputLabel-formControl MuiInputLabel-animated MuiInputLabel-sizeSmall MuiInputLabel-outlined MuiFormLabel-colorPrimary MuiInputLabel-root MuiInputLabel-formControl MuiInputLabel-animated MuiInputLabel-sizeSmall MuiInputLabel-outlined css-1pysi21-MuiFormLabel-root-MuiInputLabel-root"
                    data-shrink="false"
                    for="145"
                    id="145-label"
                  >
                    test name 1_1
                  </label>
                  <div
                    class="MuiInputBase-root MuiOutlinedInput-root MuiInputBase-colorPrimary MuiInputBase-formControl MuiInputBase-sizeSmall MuiInputBase-adornedEnd css-o9k5xi-MuiInputBase-root-MuiOutlinedInput-root"
                  >
                    <input
                      aria-invalid="false"
                      class="MuiInputBase-input MuiOutlinedInput-input MuiInputBase-inputSizeSmall MuiInputBase-inputAdornedEnd css-19qh8xo-MuiInputBase-input-MuiOutlinedInput-input"
                      id="145"
                      pattern=".{0,}"
                      type="text"
                      value=""
                    />
                    <div
                      class="MuiInputAdornment-root MuiInputAdornment-positionEnd MuiInputAdornment-outlined MuiInputAdornment-sizeSmall css-1laqsz7-MuiInputAdornment-root"
                    >
                      <p
                        class="MuiTypography-root MuiTypography-body1 css-1pnmrwp-MuiTypography-root"
                      />
                    </div>
                    <fieldset
                      aria-hidden="true"
                      class="MuiOutlinedInput-notchedOutline css-1d3z3hw-MuiOutlinedInput-notchedOutline"
                    >
                      <legend
                        class="css-yjsfm1"
                      >
                        <span>
                          test name 1_1
                        </span>
                      </legend>
                    </fieldset>
                  </div>
                </div>
              </div>
            </div>
          </div>
        </div>
      </div>
      <div
        class="MuiBox-root css-0"
      >
        <div
          class="MuiPaper-root MuiPaper-elevation MuiPaper-rounded MuiPaper-elevation10 css-1g1fz7u-MuiPaper-root"
        >
          <h6
            class="MuiTypography-root MuiTypography-h6 MuiTypography-gutterBottom css-1u7f1pc-MuiTypography-root"
          >
            test name 2
          </h6>
          <label
            class="MuiFormControlLabel-root MuiFormControlLabel-labelPlacementEnd css-j204z7-MuiFormControlLabel-root"
          >
            <span
              class="MuiButtonBase-root MuiCheckbox-root MuiCheckbox-colorPrimary PrivateSwitchBase-root MuiCheckbox-root MuiCheckbox-colorPrimary MuiCheckbox-root MuiCheckbox-colorPrimary css-12wnr2w-MuiButtonBase-root-MuiCheckbox-root"
            >
              <input
                class="PrivateSwitchBase-input css-1m9pwf3"
                data-indeterminate="false"
                type="checkbox"
              />
              <svg
                aria-hidden="true"
                class="MuiSvgIcon-root MuiSvgIcon-fontSizeMedium css-i4bv87-MuiSvgIcon-root"
                data-testid="CheckBoxOutlineBlankIcon"
                focusable="false"
                viewBox="0 0 24 24"
              >
                <path
                  d="M19 5v14H5V5h14m0-2H5c-1.1 0-2 .9-2 2v14c0 1.1.9 2 2 2h14c1.1 0 2-.9 2-2V5c0-1.1-.9-2-2-2z"
                />
              </svg>
              <span
                class="MuiTouchRipple-root css-8je8zh-MuiTouchRipple-root"
              />
            </span>
            <span
              class="MuiTypography-root MuiTypography-body1 MuiFormControlLabel-label css-ahj2mt-MuiTypography-root"
            >
              Отсутствует
            </span>
          </label>
          <div
            class="MuiBox-root css-j7qwjs"
          >
            <div
              class="MuiBox-root css-j7qwjs"
            >
              <div
                class="MuiBox-root css-16a3qdz"
              >
                <div
                  class="MuiFormControl-root MuiTextField-root css-156lfgm-MuiFormControl-root-MuiTextField-root"
                >
                  <label
                    class="MuiFormLabel-root MuiInputLabel-root MuiInputLabel-formControl MuiInputLabel-animated MuiInputLabel-sizeSmall MuiInputLabel-outlined MuiFormLabel-colorPrimary MuiInputLabel-root MuiInputLabel-formControl MuiInputLabel-animated MuiInputLabel-sizeSmall MuiInputLabel-outlined css-1pysi21-MuiFormLabel-root-MuiInputLabel-root"
                    data-shrink="false"
                    for="145"
                    id="145-label"
                  >
                    test name 2_1
                  </label>
                  <div
                    class="MuiInputBase-root MuiOutlinedInput-root MuiInputBase-colorPrimary MuiInputBase-formControl MuiInputBase-sizeSmall MuiInputBase-adornedEnd css-o9k5xi-MuiInputBase-root-MuiOutlinedInput-root"
                  >
                    <input
                      aria-invalid="false"
                      class="MuiInputBase-input MuiOutlinedInput-input MuiInputBase-inputSizeSmall MuiInputBase-inputAdornedEnd css-19qh8xo-MuiInputBase-input-MuiOutlinedInput-input"
                      id="145"
                      pattern=".{0,}"
                      type="text"
                      value=""
                    />
                    <div
                      class="MuiInputAdornment-root MuiInputAdornment-positionEnd MuiInputAdornment-outlined MuiInputAdornment-sizeSmall css-1laqsz7-MuiInputAdornment-root"
                    >
                      <p
                        class="MuiTypography-root MuiTypography-body1 css-1pnmrwp-MuiTypography-root"
                      />
                    </div>
                    <fieldset
                      aria-hidden="true"
                      class="MuiOutlinedInput-notchedOutline css-1d3z3hw-MuiOutlinedInput-notchedOutline"
                    >
                      <legend
                        class="css-yjsfm1"
                      >
                        <span>
                          test name 2_1
                        </span>
                      </legend>
                    </fieldset>
                  </div>
                </div>
              </div>
            </div>
          </div>
        </div>
      </div>
    </div>
  </body>,
  "container": <div>
    <div
      class="MuiBox-root css-0"
    >
      <div
        class="MuiPaper-root MuiPaper-elevation MuiPaper-rounded MuiPaper-elevation10 css-1g1fz7u-MuiPaper-root"
      >
        <h6
          class="MuiTypography-root MuiTypography-h6 MuiTypography-gutterBottom css-1u7f1pc-MuiTypography-root"
        >
          test name 1
        </h6>
        <div
          class="MuiBox-root css-j7qwjs"
        >
          <div
            class="MuiBox-root css-j7qwjs"
          >
            <div
              class="MuiBox-root css-16a3qdz"
            >
              <div
                class="MuiFormControl-root MuiTextField-root css-156lfgm-MuiFormControl-root-MuiTextField-root"
              >
                <label
                  class="MuiFormLabel-root MuiInputLabel-root MuiInputLabel-formControl MuiInputLabel-animated MuiInputLabel-sizeSmall MuiInputLabel-outlined MuiFormLabel-colorPrimary MuiInputLabel-root MuiInputLabel-formControl MuiInputLabel-animated MuiInputLabel-sizeSmall MuiInputLabel-outlined css-1pysi21-MuiFormLabel-root-MuiInputLabel-root"
                  data-shrink="false"
                  for="145"
                  id="145-label"
                >
                  test name 1_1
                </label>
                <div
                  class="MuiInputBase-root MuiOutlinedInput-root MuiInputBase-colorPrimary MuiInputBase-formControl MuiInputBase-sizeSmall MuiInputBase-adornedEnd css-o9k5xi-MuiInputBase-root-MuiOutlinedInput-root"
                >
                  <input
                    aria-invalid="false"
                    class="MuiInputBase-input MuiOutlinedInput-input MuiInputBase-inputSizeSmall MuiInputBase-inputAdornedEnd css-19qh8xo-MuiInputBase-input-MuiOutlinedInput-input"
                    id="145"
                    pattern=".{0,}"
                    type="text"
                    value=""
                  />
                  <div
                    class="MuiInputAdornment-root MuiInputAdornment-positionEnd MuiInputAdornment-outlined MuiInputAdornment-sizeSmall css-1laqsz7-MuiInputAdornment-root"
                  >
                    <p
                      class="MuiTypography-root MuiTypography-body1 css-1pnmrwp-MuiTypography-root"
                    />
                  </div>
                  <fieldset
                    aria-hidden="true"
                    class="MuiOutlinedInput-notchedOutline css-1d3z3hw-MuiOutlinedInput-notchedOutline"
                  >
                    <legend
                      class="css-yjsfm1"
                    >
                      <span>
                        test name 1_1
                      </span>
                    </legend>
                  </fieldset>
                </div>
              </div>
            </div>
          </div>
        </div>
      </div>
    </div>
    <div
      class="MuiBox-root css-0"
    >
      <div
        class="MuiPaper-root MuiPaper-elevation MuiPaper-rounded MuiPaper-elevation10 css-1g1fz7u-MuiPaper-root"
      >
        <h6
          class="MuiTypography-root MuiTypography-h6 MuiTypography-gutterBottom css-1u7f1pc-MuiTypography-root"
        >
          test name 2
        </h6>
        <label
          class="MuiFormControlLabel-root MuiFormControlLabel-labelPlacementEnd css-j204z7-MuiFormControlLabel-root"
        >
          <span
            class="MuiButtonBase-root MuiCheckbox-root MuiCheckbox-colorPrimary PrivateSwitchBase-root MuiCheckbox-root MuiCheckbox-colorPrimary MuiCheckbox-root MuiCheckbox-colorPrimary css-12wnr2w-MuiButtonBase-root-MuiCheckbox-root"
          >
            <input
              class="PrivateSwitchBase-input css-1m9pwf3"
              data-indeterminate="false"
              type="checkbox"
            />
            <svg
              aria-hidden="true"
              class="MuiSvgIcon-root MuiSvgIcon-fontSizeMedium css-i4bv87-MuiSvgIcon-root"
              data-testid="CheckBoxOutlineBlankIcon"
              focusable="false"
              viewBox="0 0 24 24"
            >
              <path
                d="M19 5v14H5V5h14m0-2H5c-1.1 0-2 .9-2 2v14c0 1.1.9 2 2 2h14c1.1 0 2-.9 2-2V5c0-1.1-.9-2-2-2z"
              />
            </svg>
            <span
              class="MuiTouchRipple-root css-8je8zh-MuiTouchRipple-root"
            />
          </span>
          <span
            class="MuiTypography-root MuiTypography-body1 MuiFormControlLabel-label css-ahj2mt-MuiTypography-root"
          >
            Отсутствует
          </span>
        </label>
        <div
          class="MuiBox-root css-j7qwjs"
        >
          <div
            class="MuiBox-root css-j7qwjs"
          >
            <div
              class="MuiBox-root css-16a3qdz"
            >
              <div
                class="MuiFormControl-root MuiTextField-root css-156lfgm-MuiFormControl-root-MuiTextField-root"
              >
                <label
                  class="MuiFormLabel-root MuiInputLabel-root MuiInputLabel-formControl MuiInputLabel-animated MuiInputLabel-sizeSmall MuiInputLabel-outlined MuiFormLabel-colorPrimary MuiInputLabel-root MuiInputLabel-formControl MuiInputLabel-animated MuiInputLabel-sizeSmall MuiInputLabel-outlined css-1pysi21-MuiFormLabel-root-MuiInputLabel-root"
                  data-shrink="false"
                  for="145"
                  id="145-label"
                >
                  test name 2_1
                </label>
                <div
                  class="MuiInputBase-root MuiOutlinedInput-root MuiInputBase-colorPrimary MuiInputBase-formControl MuiInputBase-sizeSmall MuiInputBase-adornedEnd css-o9k5xi-MuiInputBase-root-MuiOutlinedInput-root"
                >
                  <input
                    aria-invalid="false"
                    class="MuiInputBase-input MuiOutlinedInput-input MuiInputBase-inputSizeSmall MuiInputBase-inputAdornedEnd css-19qh8xo-MuiInputBase-input-MuiOutlinedInput-input"
                    id="145"
                    pattern=".{0,}"
                    type="text"
                    value=""
                  />
                  <div
                    class="MuiInputAdornment-root MuiInputAdornment-positionEnd MuiInputAdornment-outlined MuiInputAdornment-sizeSmall css-1laqsz7-MuiInputAdornment-root"
                  >
                    <p
                      class="MuiTypography-root MuiTypography-body1 css-1pnmrwp-MuiTypography-root"
                    />
                  </div>
                  <fieldset
                    aria-hidden="true"
                    class="MuiOutlinedInput-notchedOutline css-1d3z3hw-MuiOutlinedInput-notchedOutline"
                  >
                    <legend
                      class="css-yjsfm1"
                    >
                      <span>
                        test name 2_1
                      </span>
                    </legend>
                  </fieldset>
                </div>
              </div>
            </div>
          </div>
        </div>
      </div>
    </div>
  </div>,
  "debug": [Function],
  "findAllByAltText": [Function],
  "findAllByDisplayValue": [Function],
  "findAllByLabelText": [Function],
  "findAllByPlaceholderText": [Function],
  "findAllByRole": [Function],
  "findAllByTestId": [Function],
  "findAllByText": [Function],
  "findAllByTitle": [Function],
  "findByAltText": [Function],
  "findByDisplayValue": [Function],
  "findByLabelText": [Function],
  "findByPlaceholderText": [Function],
  "findByRole": [Function],
  "findByTestId": [Function],
  "findByText": [Function],
  "findByTitle": [Function],
  "getAllByAltText": [Function],
  "getAllByDisplayValue": [Function],
  "getAllByLabelText": [Function],
  "getAllByPlaceholderText": [Function],
  "getAllByRole": [Function],
  "getAllByTestId": [Function],
  "getAllByText": [Function],
  "getAllByTitle": [Function],
  "getByAltText": [Function],
  "getByDisplayValue": [Function],
  "getByLabelText": [Function],
  "getByPlaceholderText": [Function],
  "getByRole": [Function],
  "getByTestId": [Function],
  "getByText": [Function],
  "getByTitle": [Function],
  "queryAllByAltText": [Function],
  "queryAllByDisplayValue": [Function],
  "queryAllByLabelText": [Function],
  "queryAllByPlaceholderText": [Function],
  "queryAllByRole": [Function],
  "queryAllByTestId": [Function],
  "queryAllByText": [Function],
  "queryAllByTitle": [Function],
  "queryByAltText": [Function],
  "queryByDisplayValue": [Function],
  "queryByLabelText": [Function],
  "queryByPlaceholderText": [Function],
  "queryByRole": [Function],
  "queryByTestId": [Function],
  "queryByText": [Function],
  "queryByTitle": [Function],
  "rerender": [Function],
  "unmount": [Function],
}
`;
